> cat("1\n")
1
> print("2")
[1] "2"
> warning("3")
Warning message:
3 
> print("4")
[1] "4"
> message("5")
5
> stop("6")
Error: 6
> stop("7", call. = FALSE)
Error: 7
> 
> f <- function(x) {
+   print("8")
+   message("9")
+   warning("10")
+   stop("11")
+ }
> f()
[1] "8"
9
Error in f() : 11
In addition: Warning message:
In f() : 10
> 
> #warning
> 1:2 + 1:3
[1] 2 4 4
Warning message:
In 1:2 + 1:3 :
  longer object length is not a multiple of shorter object length
> #warning produced in this function but is muted by it
> mutedWarning <- function() {
+ old <- options(warn = -1)
+     on.exit(options(old))
+     !any(is.na(as.numeric(c("F","M"))))
+ }
> mutedWarning()
[1] FALSE
> 
> #source("D:\\workspace\\org.omancode.r.test\\REPL tests.r")
> 
